In cycle 13: Number Overflow
In cycle 14: Overwrite HI-LO registers
In cycle 20: Number Overflow
In cycle 22: Number Overflow
In cycle 24: Write $0 Error
In cycle 28: Number Overflow
In cycle 86: Number Overflow
In cycle 89: Number Overflow
In cycle 101: Number Overflow
In cycle 105: Number Overflow
In cycle 109: Number Overflow
In cycle 111: Number Overflow
In cycle 112: Number Overflow
In cycle 116: Write $0 Error
In cycle 145: Write $0 Error
In cycle 146: Write $0 Error
In cycle 147: Write $0 Error
In cycle 148: Write $0 Error
In cycle 149: Write $0 Error
In cycle 150: Write $0 Error
In cycle 151: Write $0 Error
In cycle 152: Write $0 Error
In cycle 153: Write $0 Error
In cycle 154: Write $0 Error
In cycle 155: Write $0 Error
In cycle 155: Overwrite HI-LO registers
In cycle 158: Write $0 Error
In cycle 160: Write $0 Error
In cycle 161: Write $0 Error
In cycle 162: Write $0 Error
In cycle 163: Write $0 Error
In cycle 164: Write $0 Error
In cycle 165: Write $0 Error
In cycle 166: Write $0 Error
In cycle 167: Write $0 Error
In cycle 168: Write $0 Error
In cycle 169: Write $0 Error
In cycle 170: Write $0 Error
In cycle 171: Write $0 Error
In cycle 187: Number Overflow
In cycle 188: Address Overflow
In cycle 188: Misalignment Error
